src/App.tsx(2106,26): error TS2304: Cannot find name 'PdfConfigPanel'.
src/components/tabs/DailyReportTeamTab.tsx(81,24): error TS2322: Type '{ label: string; }' is not assignable to type '{ gravidade: Gravidade; }'.
  Property 'label' does not exist on type '{ gravidade: Gravidade; }'.
